------------------------------------------------------
SLURM_NNODES: 1
SLURM_JOB_NODELIST: compute-0-13
SLURM_SUBMIT_DIR: /export/home/mastermnsgrp04/GC_complet
SLURM_SUBMIT_HOST: centaure
SLURM_JOB_ID: 234714
SLURM_JOB_NAME: coeur
SLURM_JOB_PARTITION: intensive.q
SLURM_NTASKS: 3
SLURM_TASKS_PER_NODE: 3
SLURM_NTASKS_PER_NODE: 3
------------------------------------------------------
Generating hostname list...
------------------------------------------------------
Creating SCRATCH directories on nodes compute-0-13...
------------------------------------------------------
Transferring files from frontend to compute nodes compute-0-13
'/export/home/mastermnsgrp04/GC_complet/main' -> '/scratch/mastermnsgrp04-234714/main'
------------------------------------------------------
Run -mpi4 program...
--------------------------------------------------------------------------
WARNING: There is at least non-excluded one OpenFabrics device found,
but there are no active ports detected (or Open MPI was unable to use
them).  This is most certainly not what you wanted.  Check your
cables, subnet manager configuration, etc.  The openib BTL will be
ignored for this job.

  Local host: compute-0-13
--------------------------------------------------------------------------
Données lues : nx = 100, ny = 100, méthode = 2
Résidu initial : 3.300e+02
Fin de l'itération 0, résidu : 1.012e+02
Fin de l'itération 10, résidu : 1.594e+02
Fin de l'itération 20, résidu : 9.401e+01
Fin de l'itération 30, résidu : 4.139e+01
Fin de l'itération 40, résidu : 1.581e+01
Fin de l'itération 50, résidu : 3.842e+00
Fin de l'itération 60, résidu : 4.560e-01
Fin de l'itération 70, résidu : 8.219e-02
Fin de l'itération 80, résidu : 5.754e-02
Fin de l'itération 90, résidu : 1.102e-02
Fin de l'itération 100, résidu : 2.546e-03
Fin de l'itération 110, résidu : 4.189e-04
Résidu final : 9.423e-05, atteint en 118 itérations et 0.071729 s.
Écriture du fichier vtk[compute-0-13:158114] 2 more processes have sent help message help-mpi-btl-openib.txt / no active ports found
[compute-0-13:158114] Set MCA parameter "orte_base_help_aggregate" to 0 to see all help / error messages
------------------------------------------------------
Transferring result files from compute nodes to frontend
'/scratch/mastermnsgrp04-234714' -> '/export/home/mastermnsgrp04/GC_complet/mastermnsgrp04-234714'
'/scratch/mastermnsgrp04-234714/main' -> '/export/home/mastermnsgrp04/GC_complet/mastermnsgrp04-234714/main'
'/scratch/mastermnsgrp04-234714/TP_CHP.vtk' -> '/export/home/mastermnsgrp04/GC_complet/mastermnsgrp04-234714/TP_CHP.vtk'
------------------------------------------------------
Deleting scratch...
removed '/scratch/mastermnsgrp04-234714/main'
removed '/scratch/mastermnsgrp04-234714/TP_CHP.vtk'
removed directory: '/scratch/mastermnsgrp04-234714'
------------------------------------------------------
