------------------------------------------------------
SLURM_NNODES: 1
SLURM_JOB_NODELIST: compute-0-1
SLURM_SUBMIT_DIR: /export/home/mastermnsgrp04/GC_complet
SLURM_SUBMIT_HOST: centaure
SLURM_JOB_ID: 233815
SLURM_JOB_NAME: coeur
SLURM_JOB_PARTITION: intensive.q
SLURM_NTASKS:
SLURM_TASKS_PER_NODE: 1
SLURM_NTASKS_PER_NODE:
------------------------------------------------------
Generating hostname list...
------------------------------------------------------
Creating SCRATCH directories on nodes compute-0-1...
------------------------------------------------------
Transferring files from frontend to compute nodes compute-0-1
'/export/home/mastermnsgrp04/GC_complet/main' -> '/scratch/mastermnsgrp04-233815/main'
------------------------------------------------------
Run -mpi4 program...
/var/spool/slurmd/job233815/slurm_script: line 0: unalias: visit: not found
----------------------------------------------------------------------------
Open MPI has detected that a parameter given to a command line
option does not match the expected format:

  Option: np
  Param:  -mca

This is frequently caused by omitting to provide the parameter
to an option that requires one. Please check the command line and try again.
----------------------------------------------------------------------------
------------------------------------------------------
Transferring result files from compute nodes to frontend
'/scratch/mastermnsgrp04-233815' -> '/export/home/mastermnsgrp04/GC_complet/mastermnsgrp04-233815'
'/scratch/mastermnsgrp04-233815/main' -> '/export/home/mastermnsgrp04/GC_complet/mastermnsgrp04-233815/main'
------------------------------------------------------
Deleting scratch...
removed '/scratch/mastermnsgrp04-233815/main'
removed directory: '/scratch/mastermnsgrp04-233815'
------------------------------------------------------
